// Validating benchmarks:
// ***** BenchmarkRunner: Start   *****
// ***** Found 3 benchmark(s) in total *****
// ***** Building 1 exe(s) in Parallel: Start   *****
// start dotnet  restore --nodeReuse:false /p:UseSharedCompilation=false /p:Deterministic=true /p:Optimize=true /p:ArtifactsPath="D:\work\books\modern-csharp\example-code\zh-tw\ch13\BenchmarkAllocation\bin\Release\net10.0\BenchmarkAllocation-DefaultJob-1/" /p:OutDir="D:\work\books\modern-csharp\example-code\zh-tw\ch13\BenchmarkAllocation\bin\Release\net10.0\BenchmarkAllocation-DefaultJob-1\bin\Release\net10.0/" /p:OutputPath="D:\work\books\modern-csharp\example-code\zh-tw\ch13\BenchmarkAllocation\bin\Release\net10.0\BenchmarkAllocation-DefaultJob-1\bin\Release\net10.0/" /p:PublishDir="D:\work\books\modern-csharp\example-code\zh-tw\ch13\BenchmarkAllocation\bin\Release\net10.0\BenchmarkAllocation-DefaultJob-1\publish/" in D:\work\books\modern-csharp\example-code\zh-tw\ch13\BenchmarkAllocation\bin\Release\net10.0\BenchmarkAllocation-DefaultJob-1
// command took 1.23 sec and exited with 0
// start dotnet  build -c Release --no-restore --nodeReuse:false /p:UseSharedCompilation=false /p:Deterministic=true /p:Optimize=true /p:ArtifactsPath="D:\work\books\modern-csharp\example-code\zh-tw\ch13\BenchmarkAllocation\bin\Release\net10.0\BenchmarkAllocation-DefaultJob-1/" /p:OutDir="D:\work\books\modern-csharp\example-code\zh-tw\ch13\BenchmarkAllocation\bin\Release\net10.0\BenchmarkAllocation-DefaultJob-1\bin\Release\net10.0/" /p:OutputPath="D:\work\books\modern-csharp\example-code\zh-tw\ch13\BenchmarkAllocation\bin\Release\net10.0\BenchmarkAllocation-DefaultJob-1\bin\Release\net10.0/" /p:PublishDir="D:\work\books\modern-csharp\example-code\zh-tw\ch13\BenchmarkAllocation\bin\Release\net10.0\BenchmarkAllocation-DefaultJob-1\publish/" --output "D:\work\books\modern-csharp\example-code\zh-tw\ch13\BenchmarkAllocation\bin\Release\net10.0\BenchmarkAllocation-DefaultJob-1\bin\Release\net10.0/" in D:\work\books\modern-csharp\example-code\zh-tw\ch13\BenchmarkAllocation\bin\Release\net10.0\BenchmarkAllocation-DefaultJob-1
// command took 4.35 sec and exited with 0
// ***** Done, took 00:00:05 (5.67 sec)   *****
// Found 3 benchmarks:
//   AllocationBenchmarks.HeapAllocation: DefaultJob
//   AllocationBenchmarks.StackAllocation: DefaultJob
//   AllocationBenchmarks.CollectionExpressionSpan: DefaultJob

Setup power plan (GUID: 8c5e7fda-e8bf-4a96-9a85-a6e23a8c635c FriendlyName: 高效能)
// **************************
// Benchmark: AllocationBenchmarks.HeapAllocation: DefaultJob
// *** Execute ***
// Launch: 1 / 1
// Execute: dotnet BenchmarkAllocation-DefaultJob-1.dll --anonymousPipes 1312 1308 --benchmarkName BenchmarkAllocation.AllocationBenchmarks.HeapAllocation --job Default --benchmarkId 0 in D:\work\books\modern-csharp\example-code\zh-tw\ch13\BenchmarkAllocation\bin\Release\net10.0\BenchmarkAllocation-DefaultJob-1\bin\Release\net10.0
// BeforeAnythingElse

// Benchmark Process Environment Information:
// BenchmarkDotNet v0.15.8
// Runtime=.NET 10.0.11 (10.0.11, 10.0.1126.37416), X64 RyuJIT x86-64-v3
// GC=Concurrent Workstation
// HardwareIntrinsics=AVX2+BMI1+BMI2+F16C+FMA+LZCNT+MOVBE,AVX,SSE3+SSSE3+SSE4.1+SSE4.2+POPCNT,X86Base+SSE+SSE2,AES+PCLMUL,AvxVnni,SERIALIZE VectorSize=256
// Job: DefaultJob

OverheadJitting  1: 1 op, 161100.00 ns, 161.1000 us/op
WorkloadJitting  1: 1 op, 1004400.00 ns, 1.0044 ms/op

OverheadJitting  2: 16 op, 282500.00 ns, 17.6563 us/op
WorkloadJitting  2: 16 op, 310200.00 ns, 19.3875 us/op

WorkloadPilot    1: 16 op, 21300.00 ns, 1.3313 us/op
WorkloadPilot    2: 32 op, 39100.00 ns, 1.2219 us/op
WorkloadPilot    3: 64 op, 106400.00 ns, 1.6625 us/op
WorkloadPilot    4: 128 op, 119100.00 ns, 930.4688 ns/op
WorkloadPilot    5: 256 op, 200300.00 ns, 782.4219 ns/op
WorkloadPilot    6: 512 op, 354600.00 ns, 692.5781 ns/op
WorkloadPilot    7: 1024 op, 601600.00 ns, 587.5000 ns/op
WorkloadPilot    8: 2048 op, 1217100.00 ns, 594.2871 ns/op
WorkloadPilot    9: 4096 op, 2054900.00 ns, 501.6846 ns/op
WorkloadPilot   10: 8192 op, 3848000.00 ns, 469.7266 ns/op
WorkloadPilot   11: 16384 op, 7756500.00 ns, 473.4192 ns/op
WorkloadPilot   12: 32768 op, 14885700.00 ns, 454.2755 ns/op
WorkloadPilot   13: 65536 op, 24305200.00 ns, 370.8679 ns/op
WorkloadPilot   14: 131072 op, 58156900.00 ns, 443.7019 ns/op
WorkloadPilot   15: 262144 op, 95076100.00 ns, 362.6865 ns/op
WorkloadPilot   16: 524288 op, 33669200.00 ns, 64.2189 ns/op
WorkloadPilot   17: 1048576 op, 64071800.00 ns, 61.1036 ns/op
WorkloadPilot   18: 2097152 op, 134347300.00 ns, 64.0618 ns/op
WorkloadPilot   19: 4194304 op, 264234300.00 ns, 62.9984 ns/op
WorkloadPilot   20: 8388608 op, 581317500.00 ns, 69.2984 ns/op

OverheadWarmup   1: 8388608 op, 17890700.00 ns, 2.1327 ns/op
OverheadWarmup   2: 8388608 op, 17423500.00 ns, 2.0770 ns/op
OverheadWarmup   3: 8388608 op, 18065700.00 ns, 2.1536 ns/op
OverheadWarmup   4: 8388608 op, 19299100.00 ns, 2.3006 ns/op
OverheadWarmup   5: 8388608 op, 19663000.00 ns, 2.3440 ns/op
OverheadWarmup   6: 8388608 op, 17564300.00 ns, 2.0938 ns/op
OverheadWarmup   7: 8388608 op, 19155700.00 ns, 2.2835 ns/op
OverheadWarmup   8: 8388608 op, 21624300.00 ns, 2.5778 ns/op
OverheadWarmup   9: 8388608 op, 17793100.00 ns, 2.1211 ns/op

OverheadActual   1: 8388608 op, 17978600.00 ns, 2.1432 ns/op
OverheadActual   2: 8388608 op, 17950200.00 ns, 2.1398 ns/op
OverheadActual   3: 8388608 op, 19398100.00 ns, 2.3124 ns/op
OverheadActual   4: 8388608 op, 19393800.00 ns, 2.3119 ns/op
OverheadActual   5: 8388608 op, 19947200.00 ns, 2.3779 ns/op
OverheadActual   6: 8388608 op, 19226700.00 ns, 2.2920 ns/op
OverheadActual   7: 8388608 op, 17478800.00 ns, 2.0836 ns/op
OverheadActual   8: 8388608 op, 19305400.00 ns, 2.3014 ns/op
OverheadActual   9: 8388608 op, 22243000.00 ns, 2.6516 ns/op
OverheadActual  10: 8388608 op, 22364500.00 ns, 2.6661 ns/op
OverheadActual  11: 8388608 op, 18882500.00 ns, 2.2510 ns/op
OverheadActual  12: 8388608 op, 17325400.00 ns, 2.0653 ns/op
OverheadActual  13: 8388608 op, 14431800.00 ns, 1.7204 ns/op
OverheadActual  14: 8388608 op, 13803000.00 ns, 1.6454 ns/op
OverheadActual  15: 8388608 op, 13703600.00 ns, 1.6336 ns/op
OverheadActual  16: 8388608 op, 13825900.00 ns, 1.6482 ns/op
OverheadActual  17: 8388608 op, 13898300.00 ns, 1.6568 ns/op
OverheadActual  18: 8388608 op, 13874200.00 ns, 1.6539 ns/op
OverheadActual  19: 8388608 op, 13820800.00 ns, 1.6476 ns/op
OverheadActual  20: 8388608 op, 13648700.00 ns, 1.6271 ns/op

WorkloadWarmup   1: 8388608 op, 558221300.00 ns, 66.5452 ns/op
WorkloadWarmup   2: 8388608 op, 594559000.00 ns, 70.8770 ns/op
WorkloadWarmup   3: 8388608 op, 1028575500.00 ns, 122.6158 ns/op
WorkloadWarmup   4: 8388608 op, 1039697600.00 ns, 123.9416 ns/op
WorkloadWarmup   5: 8388608 op, 1046581800.00 ns, 124.7623 ns/op
WorkloadWarmup   6: 8388608 op, 994964400.00 ns, 118.6090 ns/op
WorkloadWarmup   7: 8388608 op, 1032172800.00 ns, 123.0446 ns/op
WorkloadWarmup   8: 8388608 op, 989291900.00 ns, 117.9328 ns/op

// BeforeActualRun
WorkloadActual   1: 8388608 op, 1008217100.00 ns, 120.1888 ns/op
WorkloadActual   2: 8388608 op, 1054498600.00 ns, 125.7060 ns/op
WorkloadActual   3: 8388608 op, 1037023500.00 ns, 123.6228 ns/op
WorkloadActual   4: 8388608 op, 1048110200.00 ns, 124.9445 ns/op
WorkloadActual   5: 8388608 op, 1036988600.00 ns, 123.6187 ns/op
WorkloadActual   6: 8388608 op, 1041036400.00 ns, 124.1012 ns/op
WorkloadActual   7: 8388608 op, 1039570100.00 ns, 123.9264 ns/op
WorkloadActual   8: 8388608 op, 1040273400.00 ns, 124.0103 ns/op
WorkloadActual   9: 8388608 op, 1039131800.00 ns, 123.8742 ns/op
WorkloadActual  10: 8388608 op, 1031091400.00 ns, 122.9157 ns/op
WorkloadActual  11: 8388608 op, 1006456700.00 ns, 119.9790 ns/op
WorkloadActual  12: 8388608 op, 1011724500.00 ns, 120.6070 ns/op
WorkloadActual  13: 8388608 op, 1005651600.00 ns, 119.8830 ns/op
WorkloadActual  14: 8388608 op, 1020365400.00 ns, 121.6370 ns/op
WorkloadActual  15: 8388608 op, 1013485800.00 ns, 120.8169 ns/op

// AfterActualRun
WorkloadResult   1: 8388608 op, 990502600.00 ns, 118.0771 ns/op
WorkloadResult   2: 8388608 op, 1036784100.00 ns, 123.5943 ns/op
WorkloadResult   3: 8388608 op, 1019309000.00 ns, 121.5111 ns/op
WorkloadResult   4: 8388608 op, 1030395700.00 ns, 122.8327 ns/op
WorkloadResult   5: 8388608 op, 1019274100.00 ns, 121.5069 ns/op
WorkloadResult   6: 8388608 op, 1023321900.00 ns, 121.9895 ns/op
WorkloadResult   7: 8388608 op, 1021855600.00 ns, 121.8147 ns/op
WorkloadResult   8: 8388608 op, 1022558900.00 ns, 121.8985 ns/op
WorkloadResult   9: 8388608 op, 1021417300.00 ns, 121.7624 ns/op
WorkloadResult  10: 8388608 op, 1013376900.00 ns, 120.8039 ns/op
WorkloadResult  11: 8388608 op, 988742200.00 ns, 117.8673 ns/op
WorkloadResult  12: 8388608 op, 994010000.00 ns, 118.4952 ns/op
WorkloadResult  13: 8388608 op, 987937100.00 ns, 117.7713 ns/op
WorkloadResult  14: 8388608 op, 1002650900.00 ns, 119.5253 ns/op
WorkloadResult  15: 8388608 op, 995771300.00 ns, 118.7052 ns/op
// GC:  358 0 0 4496293888 8388608
// Threading:  0 0 8388608

// AfterAll
// Benchmark Process 26832 has exited with code 0.

Mean = 120.544 ns, StdErr = 0.503 ns (0.42%), N = 15, StdDev = 1.947 ns
Min = 117.771 ns, Q1 = 118.600 ns, Median = 121.507 ns, Q3 = 121.857 ns, Max = 123.594 ns
IQR = 3.256 ns, LowerFence = 113.716 ns, UpperFence = 126.741 ns
ConfidenceInterval = [118.463 ns; 122.625 ns] (CI 99.9%), Margin = 2.081 ns (1.73% of Mean)
Skewness = -0.18, Kurtosis = 1.42, MValue = 2

// ** Remained 2 (66.7%) benchmark(s) to run. Estimated finish 2026-09-05 22:05 (0h 0m from now) **
Setup power plan (GUID: 8c5e7fda-e8bf-4a96-9a85-a6e23a8c635c FriendlyName: 高效能)
// **************************
// Benchmark: AllocationBenchmarks.StackAllocation: DefaultJob
// *** Execute ***
// Launch: 1 / 1
// Execute: dotnet BenchmarkAllocation-DefaultJob-1.dll --anonymousPipes 1172 1180 --benchmarkName BenchmarkAllocation.AllocationBenchmarks.StackAllocation --job Default --benchmarkId 1 in D:\work\books\modern-csharp\example-code\zh-tw\ch13\BenchmarkAllocation\bin\Release\net10.0\BenchmarkAllocation-DefaultJob-1\bin\Release\net10.0
// BeforeAnythingElse

// Benchmark Process Environment Information:
// BenchmarkDotNet v0.15.8
// Runtime=.NET 10.0.11 (10.0.11, 10.0.1126.37416), X64 RyuJIT x86-64-v3
// GC=Concurrent Workstation
// HardwareIntrinsics=AVX2+BMI1+BMI2+F16C+FMA+LZCNT+MOVBE,AVX,SSE3+SSSE3+SSE4.1+SSE4.2+POPCNT,X86Base+SSE+SSE2,AES+PCLMUL,AvxVnni,SERIALIZE VectorSize=256
// Job: DefaultJob

OverheadJitting  1: 1 op, 178400.00 ns, 178.4000 us/op
WorkloadJitting  1: 1 op, 943800.00 ns, 943.8000 us/op

OverheadJitting  2: 16 op, 323900.00 ns, 20.2438 us/op
WorkloadJitting  2: 16 op, 298500.00 ns, 18.6563 us/op

WorkloadPilot    1: 16 op, 21900.00 ns, 1.3688 us/op
WorkloadPilot    2: 32 op, 43600.00 ns, 1.3625 us/op
WorkloadPilot    3: 64 op, 114100.00 ns, 1.7828 us/op
WorkloadPilot    4: 128 op, 106400.00 ns, 831.2500 ns/op
WorkloadPilot    5: 256 op, 157700.00 ns, 616.0156 ns/op
WorkloadPilot    6: 512 op, 228500.00 ns, 446.2891 ns/op
WorkloadPilot    7: 1024 op, 395100.00 ns, 385.8398 ns/op
WorkloadPilot    8: 2048 op, 766900.00 ns, 374.4629 ns/op
WorkloadPilot    9: 4096 op, 1540000.00 ns, 375.9766 ns/op
WorkloadPilot   10: 8192 op, 2931500.00 ns, 357.8491 ns/op
WorkloadPilot   11: 16384 op, 6651900.00 ns, 405.9998 ns/op
WorkloadPilot   12: 32768 op, 13749700.00 ns, 419.6075 ns/op
WorkloadPilot   13: 65536 op, 28010800.00 ns, 427.4109 ns/op
WorkloadPilot   14: 131072 op, 44201500.00 ns, 337.2307 ns/op
WorkloadPilot   15: 262144 op, 90902400.00 ns, 346.7651 ns/op
WorkloadPilot   16: 524288 op, 42858100.00 ns, 81.7453 ns/op
WorkloadPilot   17: 1048576 op, 48942900.00 ns, 46.6756 ns/op
WorkloadPilot   18: 2097152 op, 101197200.00 ns, 48.2546 ns/op
WorkloadPilot   19: 4194304 op, 209521800.00 ns, 49.9539 ns/op
WorkloadPilot   20: 8388608 op, 417389900.00 ns, 49.7568 ns/op
WorkloadPilot   21: 16777216 op, 854842500.00 ns, 50.9526 ns/op

OverheadWarmup   1: 16777216 op, 38419100.00 ns, 2.2900 ns/op
OverheadWarmup   2: 16777216 op, 35369500.00 ns, 2.1082 ns/op
OverheadWarmup   3: 16777216 op, 34469200.00 ns, 2.0545 ns/op
OverheadWarmup   4: 16777216 op, 34633200.00 ns, 2.0643 ns/op
OverheadWarmup   5: 16777216 op, 34596700.00 ns, 2.0621 ns/op
OverheadWarmup   6: 16777216 op, 34082000.00 ns, 2.0314 ns/op
OverheadWarmup   7: 16777216 op, 36483400.00 ns, 2.1746 ns/op
OverheadWarmup   8: 16777216 op, 40681600.00 ns, 2.4248 ns/op
OverheadWarmup   9: 16777216 op, 39744500.00 ns, 2.3690 ns/op

OverheadActual   1: 16777216 op, 27336200.00 ns, 1.6294 ns/op
OverheadActual   2: 16777216 op, 28163400.00 ns, 1.6787 ns/op
OverheadActual   3: 16777216 op, 29328100.00 ns, 1.7481 ns/op
OverheadActual   4: 16777216 op, 27864900.00 ns, 1.6609 ns/op
OverheadActual   5: 16777216 op, 29560600.00 ns, 1.7619 ns/op
OverheadActual   6: 16777216 op, 28059200.00 ns, 1.6725 ns/op
OverheadActual   7: 16777216 op, 29731700.00 ns, 1.7721 ns/op
OverheadActual   8: 16777216 op, 29665200.00 ns, 1.7682 ns/op
OverheadActual   9: 16777216 op, 29142700.00 ns, 1.7370 ns/op
OverheadActual  10: 16777216 op, 27307300.00 ns, 1.6276 ns/op
OverheadActual  11: 16777216 op, 28260000.00 ns, 1.6844 ns/op
OverheadActual  12: 16777216 op, 28035700.00 ns, 1.6711 ns/op
OverheadActual  13: 16777216 op, 28621900.00 ns, 1.7060 ns/op
OverheadActual  14: 16777216 op, 28236300.00 ns, 1.6830 ns/op
OverheadActual  15: 16777216 op, 27663500.00 ns, 1.6489 ns/op

WorkloadWarmup   1: 16777216 op, 1308614700.00 ns, 77.9995 ns/op
WorkloadWarmup   2: 16777216 op, 1452726800.00 ns, 86.5893 ns/op
WorkloadWarmup   3: 16777216 op, 1457537300.00 ns, 86.8760 ns/op
WorkloadWarmup   4: 16777216 op, 1453522700.00 ns, 86.6367 ns/op
WorkloadWarmup   5: 16777216 op, 1459845700.00 ns, 87.0136 ns/op
WorkloadWarmup   6: 16777216 op, 1454407900.00 ns, 86.6895 ns/op

// BeforeActualRun
WorkloadActual   1: 16777216 op, 1453862100.00 ns, 86.6569 ns/op
WorkloadActual   2: 16777216 op, 1457355000.00 ns, 86.8651 ns/op
WorkloadActual   3: 16777216 op, 1454431900.00 ns, 86.6909 ns/op
WorkloadActual   4: 16777216 op, 1456248500.00 ns, 86.7992 ns/op
WorkloadActual   5: 16777216 op, 1422322300.00 ns, 84.7770 ns/op
WorkloadActual   6: 16777216 op, 1455677900.00 ns, 86.7652 ns/op
WorkloadActual   7: 16777216 op, 1459272300.00 ns, 86.9794 ns/op
WorkloadActual   8: 16777216 op, 1429572500.00 ns, 85.2092 ns/op
WorkloadActual   9: 16777216 op, 1448599200.00 ns, 86.3432 ns/op
WorkloadActual  10: 16777216 op, 1443787500.00 ns, 86.0564 ns/op
WorkloadActual  11: 16777216 op, 1454607000.00 ns, 86.7013 ns/op
WorkloadActual  12: 16777216 op, 1444163600.00 ns, 86.0789 ns/op
WorkloadActual  13: 16777216 op, 1435803500.00 ns, 85.5806 ns/op
WorkloadActual  14: 16777216 op, 1452365400.00 ns, 86.5677 ns/op
WorkloadActual  15: 16777216 op, 1454155900.00 ns, 86.6744 ns/op

// AfterActualRun
WorkloadResult   1: 16777216 op, 1425625800.00 ns, 84.9739 ns/op
WorkloadResult   2: 16777216 op, 1429118700.00 ns, 85.1821 ns/op
WorkloadResult   3: 16777216 op, 1426195600.00 ns, 85.0079 ns/op
WorkloadResult   4: 16777216 op, 1428012200.00 ns, 85.1162 ns/op
WorkloadResult   5: 16777216 op, 1394086000.00 ns, 83.0940 ns/op
WorkloadResult   6: 16777216 op, 1427441600.00 ns, 85.0821 ns/op
WorkloadResult   7: 16777216 op, 1431036000.00 ns, 85.2964 ns/op
WorkloadResult   8: 16777216 op, 1401336200.00 ns, 83.5261 ns/op
WorkloadResult   9: 16777216 op, 1420362900.00 ns, 84.6602 ns/op
WorkloadResult  10: 16777216 op, 1415551200.00 ns, 84.3734 ns/op
WorkloadResult  11: 16777216 op, 1426370700.00 ns, 85.0183 ns/op
WorkloadResult  12: 16777216 op, 1415927300.00 ns, 84.3958 ns/op
WorkloadResult  13: 16777216 op, 1407567200.00 ns, 83.8975 ns/op
WorkloadResult  14: 16777216 op, 1424129100.00 ns, 84.8847 ns/op
WorkloadResult  15: 16777216 op, 1425919600.00 ns, 84.9914 ns/op
// GC:  0 0 0 0 16777216
// Threading:  0 0 16777216

// AfterAll
// Benchmark Process 41980 has exited with code 0.

Mean = 84.633 ns, StdErr = 0.169 ns (0.20%), N = 15, StdDev = 0.656 ns
Min = 83.094 ns, Q1 = 84.385 ns, Median = 84.974 ns, Q3 = 85.050 ns, Max = 85.296 ns
IQR = 0.666 ns, LowerFence = 83.386 ns, UpperFence = 86.049 ns
ConfidenceInterval = [83.932 ns; 85.335 ns] (CI 99.9%), Margin = 0.702 ns (0.83% of Mean)
Skewness = -1.08, Kurtosis = 2.83, MValue = 2

// ** Remained 1 (33.3%) benchmark(s) to run. Estimated finish 2026-09-05 22:05 (0h 0m from now) **
Setup power plan (GUID: 8c5e7fda-e8bf-4a96-9a85-a6e23a8c635c FriendlyName: 高效能)
// **************************
// Benchmark: AllocationBenchmarks.CollectionExpressionSpan: DefaultJob
// *** Execute ***
// Launch: 1 / 1
// Execute: dotnet BenchmarkAllocation-DefaultJob-1.dll --anonymousPipes 1292 1128 --benchmarkName BenchmarkAllocation.AllocationBenchmarks.CollectionExpressionSpan --job Default --benchmarkId 2 in D:\work\books\modern-csharp\example-code\zh-tw\ch13\BenchmarkAllocation\bin\Release\net10.0\BenchmarkAllocation-DefaultJob-1\bin\Release\net10.0
// BeforeAnythingElse

// Benchmark Process Environment Information:
// BenchmarkDotNet v0.15.8
// Runtime=.NET 10.0.11 (10.0.11, 10.0.1126.37416), X64 RyuJIT x86-64-v3
// GC=Concurrent Workstation
// HardwareIntrinsics=AVX2+BMI1+BMI2+F16C+FMA+LZCNT+MOVBE,AVX,SSE3+SSSE3+SSE4.1+SSE4.2+POPCNT,X86Base+SSE+SSE2,AES+PCLMUL,AvxVnni,SERIALIZE VectorSize=256
// Job: DefaultJob

OverheadJitting  1: 1 op, 148100.00 ns, 148.1000 us/op
WorkloadJitting  1: 1 op, 831000.00 ns, 831.0000 us/op

OverheadJitting  2: 16 op, 301900.00 ns, 18.8688 us/op
WorkloadJitting  2: 16 op, 353600.00 ns, 22.1000 us/op

WorkloadPilot    1: 16 op, 25000.00 ns, 1.5625 us/op
WorkloadPilot    2: 32 op, 44500.00 ns, 1.3906 us/op
WorkloadPilot    3: 64 op, 104200.00 ns, 1.6281 us/op
WorkloadPilot    4: 128 op, 127600.00 ns, 996.8750 ns/op
WorkloadPilot    5: 256 op, 193700.00 ns, 756.6406 ns/op
WorkloadPilot    6: 512 op, 317700.00 ns, 620.5078 ns/op
WorkloadPilot    7: 1024 op, 613600.00 ns, 599.2188 ns/op
WorkloadPilot    8: 2048 op, 1058700.00 ns, 516.9434 ns/op
WorkloadPilot    9: 4096 op, 2010100.00 ns, 490.7471 ns/op
WorkloadPilot   10: 8192 op, 4052300.00 ns, 494.6655 ns/op
WorkloadPilot   11: 16384 op, 8722800.00 ns, 532.3975 ns/op
WorkloadPilot   12: 32768 op, 17275400.00 ns, 527.2034 ns/op
WorkloadPilot   13: 65536 op, 26027800.00 ns, 397.1527 ns/op
WorkloadPilot   14: 131072 op, 48614800.00 ns, 370.9015 ns/op
WorkloadPilot   15: 262144 op, 104542200.00 ns, 398.7968 ns/op
WorkloadPilot   16: 524288 op, 35786500.00 ns, 68.2573 ns/op
WorkloadPilot   17: 1048576 op, 77530900.00 ns, 73.9392 ns/op
WorkloadPilot   18: 2097152 op, 133945000.00 ns, 63.8700 ns/op
WorkloadPilot   19: 4194304 op, 274680400.00 ns, 65.4889 ns/op
WorkloadPilot   20: 8388608 op, 554968600.00 ns, 66.1574 ns/op

OverheadWarmup   1: 8388608 op, 18602200.00 ns, 2.2176 ns/op
OverheadWarmup   2: 8388608 op, 17420800.00 ns, 2.0767 ns/op
OverheadWarmup   3: 8388608 op, 18685400.00 ns, 2.2275 ns/op
OverheadWarmup   4: 8388608 op, 17597000.00 ns, 2.0977 ns/op
OverheadWarmup   5: 8388608 op, 17387000.00 ns, 2.0727 ns/op
OverheadWarmup   6: 8388608 op, 17550400.00 ns, 2.0922 ns/op
OverheadWarmup   7: 8388608 op, 17613400.00 ns, 2.0997 ns/op
OverheadWarmup   8: 8388608 op, 18086700.00 ns, 2.1561 ns/op
OverheadWarmup   9: 8388608 op, 19938200.00 ns, 2.3768 ns/op
OverheadWarmup  10: 8388608 op, 18011800.00 ns, 2.1472 ns/op

OverheadActual   1: 8388608 op, 17477700.00 ns, 2.0835 ns/op
OverheadActual   2: 8388608 op, 22480400.00 ns, 2.6799 ns/op
OverheadActual   3: 8388608 op, 23172400.00 ns, 2.7624 ns/op
OverheadActual   4: 8388608 op, 23103100.00 ns, 2.7541 ns/op
OverheadActual   5: 8388608 op, 19391500.00 ns, 2.3116 ns/op
OverheadActual   6: 8388608 op, 20028900.00 ns, 2.3876 ns/op
OverheadActual   7: 8388608 op, 23204300.00 ns, 2.7662 ns/op
OverheadActual   8: 8388608 op, 19146700.00 ns, 2.2825 ns/op
OverheadActual   9: 8388608 op, 17472900.00 ns, 2.0829 ns/op
OverheadActual  10: 8388608 op, 18040300.00 ns, 2.1506 ns/op
OverheadActual  11: 8388608 op, 17527100.00 ns, 2.0894 ns/op
OverheadActual  12: 8388608 op, 14069200.00 ns, 1.6772 ns/op
OverheadActual  13: 8388608 op, 14021100.00 ns, 1.6714 ns/op
OverheadActual  14: 8388608 op, 15385700.00 ns, 1.8341 ns/op
OverheadActual  15: 8388608 op, 17153500.00 ns, 2.0449 ns/op
OverheadActual  16: 8388608 op, 17624000.00 ns, 2.1009 ns/op
OverheadActual  17: 8388608 op, 15302000.00 ns, 1.8241 ns/op
OverheadActual  18: 8388608 op, 13769100.00 ns, 1.6414 ns/op
OverheadActual  19: 8388608 op, 14088800.00 ns, 1.6795 ns/op
OverheadActual  20: 8388608 op, 13497900.00 ns, 1.6091 ns/op

WorkloadWarmup   1: 8388608 op, 533163900.00 ns, 63.5581 ns/op
WorkloadWarmup   2: 8388608 op, 588392900.00 ns, 70.1419 ns/op
WorkloadWarmup   3: 8388608 op, 1004129800.00 ns, 119.7016 ns/op
WorkloadWarmup   4: 8388608 op, 1005787700.00 ns, 119.8992 ns/op
WorkloadWarmup   5: 8388608 op, 1014198500.00 ns, 120.9019 ns/op
WorkloadWarmup   6: 8388608 op, 1003306200.00 ns, 119.6034 ns/op
WorkloadWarmup   7: 8388608 op, 1004321300.00 ns, 119.7244 ns/op
WorkloadWarmup   8: 8388608 op, 1015160900.00 ns, 121.0166 ns/op
WorkloadWarmup   9: 8388608 op, 1004184900.00 ns, 119.7082 ns/op

// BeforeActualRun
WorkloadActual   1: 8388608 op, 1006813900.00 ns, 120.0216 ns/op
WorkloadActual   2: 8388608 op, 1035897700.00 ns, 123.4886 ns/op
WorkloadActual   3: 8388608 op, 1035251700.00 ns, 123.4116 ns/op
WorkloadActual   4: 8388608 op, 1031853700.00 ns, 123.0065 ns/op
WorkloadActual   5: 8388608 op, 1031483000.00 ns, 122.9624 ns/op
WorkloadActual   6: 8388608 op, 1034453300.00 ns, 123.3164 ns/op
WorkloadActual   7: 8388608 op, 1034648200.00 ns, 123.3397 ns/op
WorkloadActual   8: 8388608 op, 1030699500.00 ns, 122.8690 ns/op
WorkloadActual   9: 8388608 op, 985271200.00 ns, 117.4535 ns/op
WorkloadActual  10: 8388608 op, 1036205400.00 ns, 123.5253 ns/op
WorkloadActual  11: 8388608 op, 1023961300.00 ns, 122.0657 ns/op
WorkloadActual  12: 8388608 op, 1038792600.00 ns, 123.8337 ns/op
WorkloadActual  13: 8388608 op, 1033761100.00 ns, 123.2339 ns/op
WorkloadActual  14: 8388608 op, 1034454200.00 ns, 123.3166 ns/op
WorkloadActual  15: 8388608 op, 1034899500.00 ns, 123.3696 ns/op

// AfterActualRun
WorkloadResult   1: 8388608 op, 989311500.00 ns, 117.9351 ns/op
WorkloadResult   2: 8388608 op, 1018395300.00 ns, 121.4022 ns/op
WorkloadResult   3: 8388608 op, 1017749300.00 ns, 121.3252 ns/op
WorkloadResult   4: 8388608 op, 1014351300.00 ns, 120.9201 ns/op
WorkloadResult   5: 8388608 op, 1013980600.00 ns, 120.8759 ns/op
WorkloadResult   6: 8388608 op, 1016950900.00 ns, 121.2300 ns/op
WorkloadResult   7: 8388608 op, 1017145800.00 ns, 121.2532 ns/op
WorkloadResult   8: 8388608 op, 1013197100.00 ns, 120.7825 ns/op
WorkloadResult   9: 8388608 op, 967768800.00 ns, 115.3670 ns/op
WorkloadResult  10: 8388608 op, 1018703000.00 ns, 121.4389 ns/op
WorkloadResult  11: 8388608 op, 1006458900.00 ns, 119.9793 ns/op
WorkloadResult  12: 8388608 op, 1021290200.00 ns, 121.7473 ns/op
WorkloadResult  13: 8388608 op, 1016258700.00 ns, 121.1475 ns/op
WorkloadResult  14: 8388608 op, 1016951800.00 ns, 121.2301 ns/op
WorkloadResult  15: 8388608 op, 1017397100.00 ns, 121.2832 ns/op
// GC:  358 0 0 4496293888 8388608
// Threading:  0 0 8388608

// AfterAll
// Benchmark Process 14252 has exited with code 0.

Mean = 120.528 ns, StdErr = 0.437 ns (0.36%), N = 15, StdDev = 1.694 ns
Min = 115.367 ns, Q1 = 120.829 ns, Median = 121.230 ns, Q3 = 121.304 ns, Max = 121.747 ns
IQR = 0.475 ns, LowerFence = 120.117 ns, UpperFence = 122.017 ns
ConfidenceInterval = [118.717 ns; 122.339 ns] (CI 99.9%), Margin = 1.811 ns (1.50% of Mean)
Skewness = -2.05, Kurtosis = 6.15, MValue = 2

// ** Remained 0 (0.0%) benchmark(s) to run. Estimated finish 2026-09-05 22:05 (0h 0m from now) **
Successfully reverted power plan (GUID: 8c5e7fda-e8bf-4a96-9a85-a6e23a8c635c FriendlyName: 高效能)
// ***** BenchmarkRunner: Finish  *****

// * Export *
  BenchmarkDotNet.Artifacts\results\BenchmarkAllocation.AllocationBenchmarks-report.csv
  BenchmarkDotNet.Artifacts\results\BenchmarkAllocation.AllocationBenchmarks-report-github.md
  BenchmarkDotNet.Artifacts\results\BenchmarkAllocation.AllocationBenchmarks-report.html

// * Detailed results *
AllocationBenchmarks.HeapAllocation: DefaultJob
Runtime = .NET 10.0.11 (10.0.11, 10.0.1126.37416), X64 RyuJIT x86-64-v3; GC = Concurrent Workstation
Mean = 120.544 ns, StdErr = 0.503 ns (0.42%), N = 15, StdDev = 1.947 ns
Min = 117.771 ns, Q1 = 118.600 ns, Median = 121.507 ns, Q3 = 121.857 ns, Max = 123.594 ns
IQR = 3.256 ns, LowerFence = 113.716 ns, UpperFence = 126.741 ns
ConfidenceInterval = [118.463 ns; 122.625 ns] (CI 99.9%), Margin = 2.081 ns (1.73% of Mean)
Skewness = -0.18, Kurtosis = 1.42, MValue = 2
-------------------- Histogram --------------------
[117.462 ns ; 120.600 ns) | @@@@@@
[120.600 ns ; 124.630 ns) | @@@@@@@@@
---------------------------------------------------

AllocationBenchmarks.StackAllocation: DefaultJob
Runtime = .NET 10.0.11 (10.0.11, 10.0.1126.37416), X64 RyuJIT x86-64-v3; GC = Concurrent Workstation
Mean = 84.633 ns, StdErr = 0.169 ns (0.20%), N = 15, StdDev = 0.656 ns
Min = 83.094 ns, Q1 = 84.385 ns, Median = 84.974 ns, Q3 = 85.050 ns, Max = 85.296 ns
IQR = 0.666 ns, LowerFence = 83.386 ns, UpperFence = 86.049 ns
ConfidenceInterval = [83.932 ns; 85.335 ns] (CI 99.9%), Margin = 0.702 ns (0.83% of Mean)
Skewness = -1.08, Kurtosis = 2.83, MValue = 2
-------------------- Histogram --------------------
[82.745 ns ; 85.646 ns) | @@@@@@@@@@@@@@@
---------------------------------------------------

AllocationBenchmarks.CollectionExpressionSpan: DefaultJob
Runtime = .NET 10.0.11 (10.0.11, 10.0.1126.37416), X64 RyuJIT x86-64-v3; GC = Concurrent Workstation
Mean = 120.528 ns, StdErr = 0.437 ns (0.36%), N = 15, StdDev = 1.694 ns
Min = 115.367 ns, Q1 = 120.829 ns, Median = 121.230 ns, Q3 = 121.304 ns, Max = 121.747 ns
IQR = 0.475 ns, LowerFence = 120.117 ns, UpperFence = 122.017 ns
ConfidenceInterval = [118.717 ns; 122.339 ns] (CI 99.9%), Margin = 1.811 ns (1.50% of Mean)
Skewness = -2.05, Kurtosis = 6.15, MValue = 2
-------------------- Histogram --------------------
[114.465 ns ; 119.114 ns) | @@
[119.114 ns ; 122.072 ns) | @@@@@@@@@@@@@
---------------------------------------------------

// * Summary *

BenchmarkDotNet v0.15.8, Windows 11 (10.0.26200.9278/25H2/2025Update/HudsonValley2)
12th Gen Intel Core i7-12700H 2.30GHz, 1 CPU, 20 logical and 14 physical cores
.NET SDK 10.0.303
  [Host]     : .NET 10.0.11 (10.0.11, 10.0.1126.37416), X64 RyuJIT x86-64-v3
  DefaultJob : .NET 10.0.11 (10.0.11, 10.0.1126.37416), X64 RyuJIT x86-64-v3


| Method                   | Mean      | Error    | StdDev   | Ratio | RatioSD | Gen0   | Allocated | Alloc Ratio |
|------------------------- |----------:|---------:|---------:|------:|--------:|-------:|----------:|------------:|
| HeapAllocation           | 120.54 ns | 2.081 ns | 1.947 ns |  1.00 |    0.02 | 0.0427 |     536 B |        1.00 |
| StackAllocation          |  84.63 ns | 0.702 ns | 0.656 ns |  0.70 |    0.01 |      - |         - |        0.00 |
| CollectionExpressionSpan | 120.53 ns | 1.811 ns | 1.694 ns |  1.00 |    0.02 | 0.0427 |     536 B |        1.00 |

// * Hints *
Outliers
  AllocationBenchmarks.StackAllocation: Default          -> 1 outlier  was  detected (84.78 ns)
  AllocationBenchmarks.CollectionExpressionSpan: Default -> 3 outliers were detected (117.45 ns..122.07 ns)

// * Legends *
  Mean        : Arithmetic mean of all measurements
  Error       : Half of 99.9% confidence interval
  StdDev      : Standard deviation of all measurements
  Ratio       : Mean of the ratio distribution ([Current]/[Baseline])
  RatioSD     : Standard deviation of the ratio distribution ([Current]/[Baseline])
  Gen0        : GC Generation 0 collects per 1000 operations
  Allocated   : Allocated memory per single operation (managed only, inclusive, 1KB = 1024B)
  Alloc Ratio : Allocated memory ratio distribution ([Current]/[Baseline])
  1 ns        : 1 Nanosecond (0.000000001 sec)

// * Diagnostic Output - MemoryDiagnoser *


// ***** BenchmarkRunner: End *****
Run time: 00:01:28 (88 sec), executed benchmarks: 3

Global total time: 00:01:34 (94.74 sec), executed benchmarks: 3
// * Artifacts cleanup *
Artifacts cleanup is finished
