// Validating benchmarks:
// ***** BenchmarkRunner: Start   *****
// ***** Found 2 benchmark(s) in total *****
// ***** Building 1 exe(s) in Parallel: Start   *****
// start dotnet  restore --nodeReuse:false /p:UseSharedCompilation=false /p:Deterministic=true /p:Optimize=true /p:ArtifactsPath="D:\work\books\modern-csharp\example-code\zh-tw\ch13\BenchmarkParser\bin\Release\net10.0\BenchmarkParser-DefaultJob-1/" /p:OutDir="D:\work\books\modern-csharp\example-code\zh-tw\ch13\BenchmarkParser\bin\Release\net10.0\BenchmarkParser-DefaultJob-1\bin\Release\net10.0/" /p:OutputPath="D:\work\books\modern-csharp\example-code\zh-tw\ch13\BenchmarkParser\bin\Release\net10.0\BenchmarkParser-DefaultJob-1\bin\Release\net10.0/" /p:PublishDir="D:\work\books\modern-csharp\example-code\zh-tw\ch13\BenchmarkParser\bin\Release\net10.0\BenchmarkParser-DefaultJob-1\publish/" in D:\work\books\modern-csharp\example-code\zh-tw\ch13\BenchmarkParser\bin\Release\net10.0\BenchmarkParser-DefaultJob-1
// command took 1.31 sec and exited with 0
// start dotnet  build -c Release --no-restore --nodeReuse:false /p:UseSharedCompilation=false /p:Deterministic=true /p:Optimize=true /p:ArtifactsPath="D:\work\books\modern-csharp\example-code\zh-tw\ch13\BenchmarkParser\bin\Release\net10.0\BenchmarkParser-DefaultJob-1/" /p:OutDir="D:\work\books\modern-csharp\example-code\zh-tw\ch13\BenchmarkParser\bin\Release\net10.0\BenchmarkParser-DefaultJob-1\bin\Release\net10.0/" /p:OutputPath="D:\work\books\modern-csharp\example-code\zh-tw\ch13\BenchmarkParser\bin\Release\net10.0\BenchmarkParser-DefaultJob-1\bin\Release\net10.0/" /p:PublishDir="D:\work\books\modern-csharp\example-code\zh-tw\ch13\BenchmarkParser\bin\Release\net10.0\BenchmarkParser-DefaultJob-1\publish/" --output "D:\work\books\modern-csharp\example-code\zh-tw\ch13\BenchmarkParser\bin\Release\net10.0\BenchmarkParser-DefaultJob-1\bin\Release\net10.0/" in D:\work\books\modern-csharp\example-code\zh-tw\ch13\BenchmarkParser\bin\Release\net10.0\BenchmarkParser-DefaultJob-1
// command took 4.72 sec and exited with 0
// ***** Done, took 00:00:06 (6.12 sec)   *****
// Found 2 benchmarks:
//   ParserBenchmarks.SubstringParsing: DefaultJob
//   ParserBenchmarks.SpanParsing: DefaultJob

Setup power plan (GUID: 8c5e7fda-e8bf-4a96-9a85-a6e23a8c635c FriendlyName: 高效能)
// **************************
// Benchmark: ParserBenchmarks.SubstringParsing: DefaultJob
// *** Execute ***
// Launch: 1 / 1
// Execute: dotnet BenchmarkParser-DefaultJob-1.dll --anonymousPipes 1180 1136 --benchmarkName BenchmarkParser.ParserBenchmarks.SubstringParsing --job Default --benchmarkId 0 in D:\work\books\modern-csharp\example-code\zh-tw\ch13\BenchmarkParser\bin\Release\net10.0\BenchmarkParser-DefaultJob-1\bin\Release\net10.0
// BeforeAnythingElse

// Benchmark Process Environment Information:
// BenchmarkDotNet v0.15.8
// Runtime=.NET 10.0.11 (10.0.11, 10.0.1126.37416), X64 RyuJIT x86-64-v3
// GC=Concurrent Workstation
// HardwareIntrinsics=AVX2+BMI1+BMI2+F16C+FMA+LZCNT+MOVBE,AVX,SSE3+SSSE3+SSE4.1+SSE4.2+POPCNT,X86Base+SSE+SSE2,AES+PCLMUL,AvxVnni,SERIALIZE VectorSize=256
// Job: DefaultJob

OverheadJitting  1: 1 op, 249100.00 ns, 249.1000 us/op
WorkloadJitting  1: 1 op, 349300.00 ns, 349.3000 us/op

OverheadJitting  2: 16 op, 438300.00 ns, 27.3938 us/op
WorkloadJitting  2: 16 op, 324800.00 ns, 20.3000 us/op

WorkloadPilot    1: 16 op, 7100.00 ns, 443.7500 ns/op
WorkloadPilot    2: 32 op, 4700.00 ns, 146.8750 ns/op
WorkloadPilot    3: 64 op, 5400.00 ns, 84.3750 ns/op
WorkloadPilot    4: 128 op, 14500.00 ns, 113.2813 ns/op
WorkloadPilot    5: 256 op, 21400.00 ns, 83.5938 ns/op
WorkloadPilot    6: 512 op, 21100.00 ns, 41.2109 ns/op
WorkloadPilot    7: 1024 op, 44800.00 ns, 43.7500 ns/op
WorkloadPilot    8: 2048 op, 80000.00 ns, 39.0625 ns/op
WorkloadPilot    9: 4096 op, 169100.00 ns, 41.2842 ns/op
WorkloadPilot   10: 8192 op, 346300.00 ns, 42.2729 ns/op
WorkloadPilot   11: 16384 op, 633900.00 ns, 38.6902 ns/op
WorkloadPilot   12: 32768 op, 1487100.00 ns, 45.3827 ns/op
WorkloadPilot   13: 65536 op, 2459300.00 ns, 37.5259 ns/op
WorkloadPilot   14: 131072 op, 5617100.00 ns, 42.8551 ns/op
WorkloadPilot   15: 262144 op, 11340900.00 ns, 43.2621 ns/op
WorkloadPilot   16: 524288 op, 21671000.00 ns, 41.3342 ns/op
WorkloadPilot   17: 1048576 op, 37028300.00 ns, 35.3129 ns/op
WorkloadPilot   18: 2097152 op, 72536800.00 ns, 34.5882 ns/op
WorkloadPilot   19: 4194304 op, 82637100.00 ns, 19.7022 ns/op
WorkloadPilot   20: 8388608 op, 136232500.00 ns, 16.2402 ns/op
WorkloadPilot   21: 16777216 op, 229498100.00 ns, 13.6792 ns/op
WorkloadPilot   22: 33554432 op, 434105200.00 ns, 12.9373 ns/op
WorkloadPilot   23: 67108864 op, 907046100.00 ns, 13.5160 ns/op

OverheadWarmup   1: 67108864 op, 157888800.00 ns, 2.3527 ns/op
OverheadWarmup   2: 67108864 op, 130915500.00 ns, 1.9508 ns/op
OverheadWarmup   3: 67108864 op, 127649100.00 ns, 1.9021 ns/op
OverheadWarmup   4: 67108864 op, 115426000.00 ns, 1.7200 ns/op
OverheadWarmup   5: 67108864 op, 126437800.00 ns, 1.8841 ns/op
OverheadWarmup   6: 67108864 op, 113967300.00 ns, 1.6982 ns/op
OverheadWarmup   7: 67108864 op, 122136200.00 ns, 1.8200 ns/op
OverheadWarmup   8: 67108864 op, 124033700.00 ns, 1.8482 ns/op
OverheadWarmup   9: 67108864 op, 146264400.00 ns, 2.1795 ns/op
OverheadWarmup  10: 67108864 op, 145962400.00 ns, 2.1750 ns/op

OverheadActual   1: 67108864 op, 128915300.00 ns, 1.9210 ns/op
OverheadActual   2: 67108864 op, 134906700.00 ns, 2.0103 ns/op
OverheadActual   3: 67108864 op, 125481800.00 ns, 1.8698 ns/op
OverheadActual   4: 67108864 op, 141759500.00 ns, 2.1124 ns/op
OverheadActual   5: 67108864 op, 128895700.00 ns, 1.9207 ns/op
OverheadActual   6: 67108864 op, 129188700.00 ns, 1.9251 ns/op
OverheadActual   7: 67108864 op, 126193200.00 ns, 1.8804 ns/op
OverheadActual   8: 67108864 op, 136493000.00 ns, 2.0339 ns/op
OverheadActual   9: 67108864 op, 139592100.00 ns, 2.0801 ns/op
OverheadActual  10: 67108864 op, 122115100.00 ns, 1.8197 ns/op
OverheadActual  11: 67108864 op, 129971300.00 ns, 1.9367 ns/op
OverheadActual  12: 67108864 op, 118513500.00 ns, 1.7660 ns/op
OverheadActual  13: 67108864 op, 130586200.00 ns, 1.9459 ns/op
OverheadActual  14: 67108864 op, 116759900.00 ns, 1.7399 ns/op
OverheadActual  15: 67108864 op, 130827200.00 ns, 1.9495 ns/op
OverheadActual  16: 67108864 op, 125052700.00 ns, 1.8634 ns/op
OverheadActual  17: 67108864 op, 139024800.00 ns, 2.0716 ns/op
OverheadActual  18: 67108864 op, 145392800.00 ns, 2.1665 ns/op
OverheadActual  19: 67108864 op, 140985300.00 ns, 2.1008 ns/op
OverheadActual  20: 67108864 op, 138389400.00 ns, 2.0622 ns/op

WorkloadWarmup   1: 67108864 op, 950437100.00 ns, 14.1626 ns/op
WorkloadWarmup   2: 67108864 op, 936761200.00 ns, 13.9588 ns/op
WorkloadWarmup   3: 67108864 op, 883877000.00 ns, 13.1708 ns/op
WorkloadWarmup   4: 67108864 op, 915710000.00 ns, 13.6451 ns/op
WorkloadWarmup   5: 67108864 op, 962477500.00 ns, 14.3420 ns/op
WorkloadWarmup   6: 67108864 op, 942333000.00 ns, 14.0419 ns/op
WorkloadWarmup   7: 67108864 op, 940523400.00 ns, 14.0149 ns/op
WorkloadWarmup   8: 67108864 op, 913935900.00 ns, 13.6187 ns/op
WorkloadWarmup   9: 67108864 op, 954084800.00 ns, 14.2170 ns/op
WorkloadWarmup  10: 67108864 op, 915934100.00 ns, 13.6485 ns/op

// BeforeActualRun
WorkloadActual   1: 67108864 op, 946222600.00 ns, 14.0998 ns/op
WorkloadActual   2: 67108864 op, 956490200.00 ns, 14.2528 ns/op
WorkloadActual   3: 67108864 op, 928178600.00 ns, 13.8309 ns/op
WorkloadActual   4: 67108864 op, 919031800.00 ns, 13.6946 ns/op
WorkloadActual   5: 67108864 op, 917082900.00 ns, 13.6656 ns/op
WorkloadActual   6: 67108864 op, 863066600.00 ns, 12.8607 ns/op
WorkloadActual   7: 67108864 op, 890805800.00 ns, 13.2740 ns/op
WorkloadActual   8: 67108864 op, 898643000.00 ns, 13.3908 ns/op
WorkloadActual   9: 67108864 op, 912548600.00 ns, 13.5980 ns/op
WorkloadActual  10: 67108864 op, 899999700.00 ns, 13.4110 ns/op
WorkloadActual  11: 67108864 op, 856430100.00 ns, 12.7618 ns/op
WorkloadActual  12: 67108864 op, 877137700.00 ns, 13.0704 ns/op
WorkloadActual  13: 67108864 op, 849603300.00 ns, 12.6601 ns/op
WorkloadActual  14: 67108864 op, 843998600.00 ns, 12.5766 ns/op
WorkloadActual  15: 67108864 op, 863713000.00 ns, 12.8703 ns/op
WorkloadActual  16: 67108864 op, 873073100.00 ns, 13.0098 ns/op
WorkloadActual  17: 67108864 op, 921070800.00 ns, 13.7250 ns/op
WorkloadActual  18: 67108864 op, 919741400.00 ns, 13.7052 ns/op
WorkloadActual  19: 67108864 op, 862274800.00 ns, 12.8489 ns/op
WorkloadActual  20: 67108864 op, 850892100.00 ns, 12.6793 ns/op
WorkloadActual  21: 67108864 op, 934184200.00 ns, 13.9204 ns/op
WorkloadActual  22: 67108864 op, 1126090200.00 ns, 16.7801 ns/op
WorkloadActual  23: 67108864 op, 1532705400.00 ns, 22.8391 ns/op
WorkloadActual  24: 67108864 op, 1462257800.00 ns, 21.7893 ns/op
WorkloadActual  25: 67108864 op, 1500071600.00 ns, 22.3528 ns/op
WorkloadActual  26: 67108864 op, 1347277900.00 ns, 20.0760 ns/op
WorkloadActual  27: 67108864 op, 1465129800.00 ns, 21.8321 ns/op
WorkloadActual  28: 67108864 op, 1500039000.00 ns, 22.3523 ns/op
WorkloadActual  29: 67108864 op, 1520209500.00 ns, 22.6529 ns/op
WorkloadActual  30: 67108864 op, 1521606900.00 ns, 22.6737 ns/op
WorkloadActual  31: 67108864 op, 1511794800.00 ns, 22.5275 ns/op
WorkloadActual  32: 67108864 op, 1545922100.00 ns, 23.0360 ns/op
WorkloadActual  33: 67108864 op, 1503705000.00 ns, 22.4070 ns/op
WorkloadActual  34: 67108864 op, 1494354700.00 ns, 22.2676 ns/op
WorkloadActual  35: 67108864 op, 1505821400.00 ns, 22.4385 ns/op
WorkloadActual  36: 67108864 op, 1426633000.00 ns, 21.2585 ns/op
WorkloadActual  37: 67108864 op, 1495574400.00 ns, 22.2858 ns/op
WorkloadActual  38: 67108864 op, 1451736300.00 ns, 21.6326 ns/op
WorkloadActual  39: 67108864 op, 1483781300.00 ns, 22.1101 ns/op
WorkloadActual  40: 67108864 op, 1514436500.00 ns, 22.5669 ns/op
WorkloadActual  41: 67108864 op, 1485591600.00 ns, 22.1370 ns/op
WorkloadActual  42: 67108864 op, 1490402700.00 ns, 22.2087 ns/op
WorkloadActual  43: 67108864 op, 1493387900.00 ns, 22.2532 ns/op
WorkloadActual  44: 67108864 op, 1445225400.00 ns, 21.5355 ns/op
WorkloadActual  45: 67108864 op, 1475838200.00 ns, 21.9917 ns/op
WorkloadActual  46: 67108864 op, 1476876900.00 ns, 22.0072 ns/op
WorkloadActual  47: 67108864 op, 1423074500.00 ns, 21.2055 ns/op
WorkloadActual  48: 67108864 op, 1480126100.00 ns, 22.0556 ns/op
WorkloadActual  49: 67108864 op, 1479107500.00 ns, 22.0404 ns/op
WorkloadActual  50: 67108864 op, 1438123400.00 ns, 21.4297 ns/op
WorkloadActual  51: 67108864 op, 1480060400.00 ns, 22.0546 ns/op
WorkloadActual  52: 67108864 op, 1475593100.00 ns, 21.9881 ns/op
WorkloadActual  53: 67108864 op, 1512253700.00 ns, 22.5343 ns/op
WorkloadActual  54: 67108864 op, 1416711200.00 ns, 21.1106 ns/op
WorkloadActual  55: 67108864 op, 1475022300.00 ns, 21.9795 ns/op
WorkloadActual  56: 67108864 op, 1499312400.00 ns, 22.3415 ns/op
WorkloadActual  57: 67108864 op, 1506204000.00 ns, 22.4442 ns/op
WorkloadActual  58: 67108864 op, 1487940200.00 ns, 22.1720 ns/op
WorkloadActual  59: 67108864 op, 1502878800.00 ns, 22.3946 ns/op
WorkloadActual  60: 67108864 op, 1495927100.00 ns, 22.2911 ns/op
WorkloadActual  61: 67108864 op, 1490560500.00 ns, 22.2111 ns/op
WorkloadActual  62: 67108864 op, 1498500900.00 ns, 22.3294 ns/op
WorkloadActual  63: 67108864 op, 1506414000.00 ns, 22.4473 ns/op
WorkloadActual  64: 67108864 op, 1481562200.00 ns, 22.0770 ns/op
WorkloadActual  65: 67108864 op, 1506754400.00 ns, 22.4524 ns/op
WorkloadActual  66: 67108864 op, 1486472500.00 ns, 22.1502 ns/op
WorkloadActual  67: 67108864 op, 1479020200.00 ns, 22.0391 ns/op
WorkloadActual  68: 67108864 op, 1479823900.00 ns, 22.0511 ns/op
WorkloadActual  69: 67108864 op, 1484181400.00 ns, 22.1160 ns/op
WorkloadActual  70: 67108864 op, 1477706400.00 ns, 22.0195 ns/op
WorkloadActual  71: 67108864 op, 1478616100.00 ns, 22.0331 ns/op
WorkloadActual  72: 67108864 op, 1405520800.00 ns, 20.9439 ns/op
WorkloadActual  73: 67108864 op, 1487237700.00 ns, 22.1616 ns/op
WorkloadActual  74: 67108864 op, 1483911300.00 ns, 22.1120 ns/op
WorkloadActual  75: 67108864 op, 1486434700.00 ns, 22.1496 ns/op
WorkloadActual  76: 67108864 op, 1472886700.00 ns, 21.9477 ns/op
WorkloadActual  77: 67108864 op, 1482380000.00 ns, 22.0892 ns/op
WorkloadActual  78: 67108864 op, 1488118100.00 ns, 22.1747 ns/op
WorkloadActual  79: 67108864 op, 1470886300.00 ns, 21.9179 ns/op
WorkloadActual  80: 67108864 op, 1490486000.00 ns, 22.2100 ns/op
WorkloadActual  81: 67108864 op, 1405815500.00 ns, 20.9483 ns/op
WorkloadActual  82: 67108864 op, 1490851800.00 ns, 22.2154 ns/op
WorkloadActual  83: 67108864 op, 1492417100.00 ns, 22.2387 ns/op
WorkloadActual  84: 67108864 op, 1484809600.00 ns, 22.1254 ns/op
WorkloadActual  85: 67108864 op, 1490239200.00 ns, 22.2063 ns/op
WorkloadActual  86: 67108864 op, 1489751000.00 ns, 22.1990 ns/op
WorkloadActual  87: 67108864 op, 1490583700.00 ns, 22.2114 ns/op
WorkloadActual  88: 67108864 op, 1471392700.00 ns, 21.9255 ns/op
WorkloadActual  89: 67108864 op, 1492000700.00 ns, 22.2325 ns/op
WorkloadActual  90: 67108864 op, 1497751000.00 ns, 22.3182 ns/op
WorkloadActual  91: 67108864 op, 1488804300.00 ns, 22.1849 ns/op
WorkloadActual  92: 67108864 op, 1491005600.00 ns, 22.2177 ns/op
WorkloadActual  93: 67108864 op, 1424390800.00 ns, 21.2251 ns/op
WorkloadActual  94: 67108864 op, 1495426500.00 ns, 22.2836 ns/op
WorkloadActual  95: 67108864 op, 1485003800.00 ns, 22.1283 ns/op
WorkloadActual  96: 67108864 op, 1443227500.00 ns, 21.5058 ns/op
WorkloadActual  97: 67108864 op, 1452569400.00 ns, 21.6450 ns/op
WorkloadActual  98: 67108864 op, 1405059300.00 ns, 20.9370 ns/op
WorkloadActual  99: 67108864 op, 1450221400.00 ns, 21.6100 ns/op
WorkloadActual  100: 67108864 op, 1480055800.00 ns, 22.0546 ns/op

// AfterActualRun
WorkloadResult   1: 67108864 op, 815943850.00 ns, 12.1585 ns/op
WorkloadResult   2: 67108864 op, 826211450.00 ns, 12.3115 ns/op
WorkloadResult   3: 67108864 op, 797899850.00 ns, 11.8896 ns/op
WorkloadResult   4: 67108864 op, 788753050.00 ns, 11.7533 ns/op
WorkloadResult   5: 67108864 op, 786804150.00 ns, 11.7243 ns/op
WorkloadResult   6: 67108864 op, 732787850.00 ns, 10.9194 ns/op
WorkloadResult   7: 67108864 op, 760527050.00 ns, 11.3327 ns/op
WorkloadResult   8: 67108864 op, 768364250.00 ns, 11.4495 ns/op
WorkloadResult   9: 67108864 op, 782269850.00 ns, 11.6567 ns/op
WorkloadResult  10: 67108864 op, 769720950.00 ns, 11.4697 ns/op
WorkloadResult  11: 67108864 op, 726151350.00 ns, 10.8205 ns/op
WorkloadResult  12: 67108864 op, 746858950.00 ns, 11.1291 ns/op
WorkloadResult  13: 67108864 op, 719324550.00 ns, 10.7188 ns/op
WorkloadResult  14: 67108864 op, 713719850.00 ns, 10.6353 ns/op
WorkloadResult  15: 67108864 op, 733434250.00 ns, 10.9290 ns/op
WorkloadResult  16: 67108864 op, 742794350.00 ns, 11.0685 ns/op
WorkloadResult  17: 67108864 op, 790792050.00 ns, 11.7837 ns/op
WorkloadResult  18: 67108864 op, 789462650.00 ns, 11.7639 ns/op
WorkloadResult  19: 67108864 op, 731996050.00 ns, 10.9076 ns/op
WorkloadResult  20: 67108864 op, 720613350.00 ns, 10.7380 ns/op
WorkloadResult  21: 67108864 op, 803905450.00 ns, 11.9791 ns/op
WorkloadResult  22: 67108864 op, 995811450.00 ns, 14.8387 ns/op
WorkloadResult  23: 67108864 op, 1402426650.00 ns, 20.8978 ns/op
WorkloadResult  24: 67108864 op, 1331979050.00 ns, 19.8480 ns/op
WorkloadResult  25: 67108864 op, 1369792850.00 ns, 20.4115 ns/op
WorkloadResult  26: 67108864 op, 1216999150.00 ns, 18.1347 ns/op
WorkloadResult  27: 67108864 op, 1334851050.00 ns, 19.8908 ns/op
WorkloadResult  28: 67108864 op, 1369760250.00 ns, 20.4110 ns/op
WorkloadResult  29: 67108864 op, 1389930750.00 ns, 20.7116 ns/op
WorkloadResult  30: 67108864 op, 1391328150.00 ns, 20.7324 ns/op
WorkloadResult  31: 67108864 op, 1381516050.00 ns, 20.5862 ns/op
WorkloadResult  32: 67108864 op, 1415643350.00 ns, 21.0947 ns/op
WorkloadResult  33: 67108864 op, 1373426250.00 ns, 20.4656 ns/op
WorkloadResult  34: 67108864 op, 1364075950.00 ns, 20.3263 ns/op
WorkloadResult  35: 67108864 op, 1375542650.00 ns, 20.4972 ns/op
WorkloadResult  36: 67108864 op, 1296354250.00 ns, 19.3172 ns/op
WorkloadResult  37: 67108864 op, 1365295650.00 ns, 20.3445 ns/op
WorkloadResult  38: 67108864 op, 1321457550.00 ns, 19.6913 ns/op
WorkloadResult  39: 67108864 op, 1353502550.00 ns, 20.1688 ns/op
WorkloadResult  40: 67108864 op, 1384157750.00 ns, 20.6256 ns/op
WorkloadResult  41: 67108864 op, 1355312850.00 ns, 20.1957 ns/op
WorkloadResult  42: 67108864 op, 1360123950.00 ns, 20.2674 ns/op
WorkloadResult  43: 67108864 op, 1363109150.00 ns, 20.3119 ns/op
WorkloadResult  44: 67108864 op, 1314946650.00 ns, 19.5942 ns/op
WorkloadResult  45: 67108864 op, 1345559450.00 ns, 20.0504 ns/op
WorkloadResult  46: 67108864 op, 1346598150.00 ns, 20.0659 ns/op
WorkloadResult  47: 67108864 op, 1292795750.00 ns, 19.2642 ns/op
WorkloadResult  48: 67108864 op, 1349847350.00 ns, 20.1143 ns/op
WorkloadResult  49: 67108864 op, 1348828750.00 ns, 20.0991 ns/op
WorkloadResult  50: 67108864 op, 1307844650.00 ns, 19.4884 ns/op
WorkloadResult  51: 67108864 op, 1349781650.00 ns, 20.1133 ns/op
WorkloadResult  52: 67108864 op, 1345314350.00 ns, 20.0467 ns/op
WorkloadResult  53: 67108864 op, 1381974950.00 ns, 20.5930 ns/op
WorkloadResult  54: 67108864 op, 1286432450.00 ns, 19.1693 ns/op
WorkloadResult  55: 67108864 op, 1344743550.00 ns, 20.0382 ns/op
WorkloadResult  56: 67108864 op, 1369033650.00 ns, 20.4002 ns/op
WorkloadResult  57: 67108864 op, 1375925250.00 ns, 20.5029 ns/op
WorkloadResult  58: 67108864 op, 1357661450.00 ns, 20.2307 ns/op
WorkloadResult  59: 67108864 op, 1372600050.00 ns, 20.4533 ns/op
WorkloadResult  60: 67108864 op, 1365648350.00 ns, 20.3497 ns/op
WorkloadResult  61: 67108864 op, 1360281750.00 ns, 20.2698 ns/op
WorkloadResult  62: 67108864 op, 1368222150.00 ns, 20.3881 ns/op
WorkloadResult  63: 67108864 op, 1376135250.00 ns, 20.5060 ns/op
WorkloadResult  64: 67108864 op, 1351283450.00 ns, 20.1357 ns/op
WorkloadResult  65: 67108864 op, 1376475650.00 ns, 20.5111 ns/op
WorkloadResult  66: 67108864 op, 1356193750.00 ns, 20.2089 ns/op
WorkloadResult  67: 67108864 op, 1348741450.00 ns, 20.0978 ns/op
WorkloadResult  68: 67108864 op, 1349545150.00 ns, 20.1098 ns/op
WorkloadResult  69: 67108864 op, 1353902650.00 ns, 20.1747 ns/op
WorkloadResult  70: 67108864 op, 1347427650.00 ns, 20.0782 ns/op
WorkloadResult  71: 67108864 op, 1348337350.00 ns, 20.0918 ns/op
WorkloadResult  72: 67108864 op, 1275242050.00 ns, 19.0026 ns/op
WorkloadResult  73: 67108864 op, 1356958950.00 ns, 20.2203 ns/op
WorkloadResult  74: 67108864 op, 1353632550.00 ns, 20.1707 ns/op
WorkloadResult  75: 67108864 op, 1356155950.00 ns, 20.2083 ns/op
WorkloadResult  76: 67108864 op, 1342607950.00 ns, 20.0064 ns/op
WorkloadResult  77: 67108864 op, 1352101250.00 ns, 20.1479 ns/op
WorkloadResult  78: 67108864 op, 1357839350.00 ns, 20.2334 ns/op
WorkloadResult  79: 67108864 op, 1340607550.00 ns, 19.9766 ns/op
WorkloadResult  80: 67108864 op, 1360207250.00 ns, 20.2687 ns/op
WorkloadResult  81: 67108864 op, 1275536750.00 ns, 19.0070 ns/op
WorkloadResult  82: 67108864 op, 1360573050.00 ns, 20.2741 ns/op
WorkloadResult  83: 67108864 op, 1362138350.00 ns, 20.2974 ns/op
WorkloadResult  84: 67108864 op, 1354530850.00 ns, 20.1841 ns/op
WorkloadResult  85: 67108864 op, 1359960450.00 ns, 20.2650 ns/op
WorkloadResult  86: 67108864 op, 1359472250.00 ns, 20.2577 ns/op
WorkloadResult  87: 67108864 op, 1360304950.00 ns, 20.2701 ns/op
WorkloadResult  88: 67108864 op, 1341113950.00 ns, 19.9842 ns/op
WorkloadResult  89: 67108864 op, 1361721950.00 ns, 20.2912 ns/op
WorkloadResult  90: 67108864 op, 1367472250.00 ns, 20.3769 ns/op
WorkloadResult  91: 67108864 op, 1358525550.00 ns, 20.2436 ns/op
WorkloadResult  92: 67108864 op, 1360726850.00 ns, 20.2764 ns/op
WorkloadResult  93: 67108864 op, 1294112050.00 ns, 19.2838 ns/op
WorkloadResult  94: 67108864 op, 1365147750.00 ns, 20.3423 ns/op
WorkloadResult  95: 67108864 op, 1354725050.00 ns, 20.1870 ns/op
WorkloadResult  96: 67108864 op, 1312948750.00 ns, 19.5645 ns/op
WorkloadResult  97: 67108864 op, 1322290650.00 ns, 19.7037 ns/op
WorkloadResult  98: 67108864 op, 1274780550.00 ns, 18.9957 ns/op
WorkloadResult  99: 67108864 op, 1319942650.00 ns, 19.6687 ns/op
WorkloadResult  100: 67108864 op, 1349777050.00 ns, 20.1132 ns/op
// GC:  171 0 0 2147483648 67108864
// Threading:  0 0 67108864

// AfterAll
// Benchmark Process 14220 has exited with code 0.

Mean = 18.219 ns, StdErr = 0.361 ns (1.98%), N = 100, StdDev = 3.610 ns
Min = 10.635 ns, Q1 = 19.006 ns, Median = 20.112 ns, Q3 = 20.280 ns, Max = 21.095 ns
IQR = 1.274 ns, LowerFence = 17.095 ns, UpperFence = 22.191 ns
ConfidenceInterval = [16.994 ns; 19.443 ns] (CI 99.9%), Margin = 1.224 ns (6.72% of Mean)
Skewness = -1.33, Kurtosis = 2.86, MValue = 2.04

// ** Remained 1 (50.0%) benchmark(s) to run. Estimated finish 2026-09-05 22:03 (0h 2m from now) **
Setup power plan (GUID: 8c5e7fda-e8bf-4a96-9a85-a6e23a8c635c FriendlyName: 高效能)
// **************************
// Benchmark: ParserBenchmarks.SpanParsing: DefaultJob
// *** Execute ***
// Launch: 1 / 1
// Execute: dotnet BenchmarkParser-DefaultJob-1.dll --anonymousPipes 652 1156 --benchmarkName BenchmarkParser.ParserBenchmarks.SpanParsing --job Default --benchmarkId 1 in D:\work\books\modern-csharp\example-code\zh-tw\ch13\BenchmarkParser\bin\Release\net10.0\BenchmarkParser-DefaultJob-1\bin\Release\net10.0
// BeforeAnythingElse

// Benchmark Process Environment Information:
// BenchmarkDotNet v0.15.8
// Runtime=.NET 10.0.11 (10.0.11, 10.0.1126.37416), X64 RyuJIT x86-64-v3
// GC=Concurrent Workstation
// HardwareIntrinsics=AVX2+BMI1+BMI2+F16C+FMA+LZCNT+MOVBE,AVX,SSE3+SSSE3+SSE4.1+SSE4.2+POPCNT,X86Base+SSE+SSE2,AES+PCLMUL,AvxVnni,SERIALIZE VectorSize=256
// Job: DefaultJob

OverheadJitting  1: 1 op, 149200.00 ns, 149.2000 us/op
WorkloadJitting  1: 1 op, 303100.00 ns, 303.1000 us/op

OverheadJitting  2: 16 op, 310300.00 ns, 19.3938 us/op
WorkloadJitting  2: 16 op, 337600.00 ns, 21.1000 us/op

WorkloadPilot    1: 16 op, 3300.00 ns, 206.2500 ns/op
WorkloadPilot    2: 32 op, 2600.00 ns, 81.2500 ns/op
WorkloadPilot    3: 64 op, 3000.00 ns, 46.8750 ns/op
WorkloadPilot    4: 128 op, 4700.00 ns, 36.7188 ns/op
WorkloadPilot    5: 256 op, 7300.00 ns, 28.5156 ns/op
WorkloadPilot    6: 512 op, 15100.00 ns, 29.4922 ns/op
WorkloadPilot    7: 1024 op, 28400.00 ns, 27.7344 ns/op
WorkloadPilot    8: 2048 op, 55700.00 ns, 27.1973 ns/op
WorkloadPilot    9: 4096 op, 109600.00 ns, 26.7578 ns/op
WorkloadPilot   10: 8192 op, 239300.00 ns, 29.2114 ns/op
WorkloadPilot   11: 16384 op, 466700.00 ns, 28.4851 ns/op
WorkloadPilot   12: 32768 op, 867700.00 ns, 26.4801 ns/op
WorkloadPilot   13: 65536 op, 1735500.00 ns, 26.4816 ns/op
WorkloadPilot   14: 131072 op, 3767500.00 ns, 28.7437 ns/op
WorkloadPilot   15: 262144 op, 8513500.00 ns, 32.4764 ns/op
WorkloadPilot   16: 524288 op, 15341600.00 ns, 29.2618 ns/op
WorkloadPilot   17: 1048576 op, 26163900.00 ns, 24.9518 ns/op
WorkloadPilot   18: 2097152 op, 53775000.00 ns, 25.6419 ns/op
WorkloadPilot   19: 4194304 op, 29795200.00 ns, 7.1037 ns/op
WorkloadPilot   20: 8388608 op, 57279900.00 ns, 6.8283 ns/op
WorkloadPilot   21: 16777216 op, 114127100.00 ns, 6.8025 ns/op
WorkloadPilot   22: 33554432 op, 243337100.00 ns, 7.2520 ns/op
WorkloadPilot   23: 67108864 op, 469746200.00 ns, 6.9998 ns/op
WorkloadPilot   24: 134217728 op, 951687700.00 ns, 7.0906 ns/op

OverheadWarmup   1: 134217728 op, 280951300.00 ns, 2.0933 ns/op
OverheadWarmup   2: 134217728 op, 222681900.00 ns, 1.6591 ns/op
OverheadWarmup   3: 134217728 op, 230062500.00 ns, 1.7141 ns/op
OverheadWarmup   4: 134217728 op, 237238700.00 ns, 1.7676 ns/op
OverheadWarmup   5: 134217728 op, 275121100.00 ns, 2.0498 ns/op
OverheadWarmup   6: 134217728 op, 263371500.00 ns, 1.9623 ns/op
OverheadWarmup   7: 134217728 op, 271362300.00 ns, 2.0218 ns/op
OverheadWarmup   8: 134217728 op, 284485500.00 ns, 2.1196 ns/op
OverheadWarmup   9: 134217728 op, 276439600.00 ns, 2.0596 ns/op

OverheadActual   1: 134217728 op, 269071800.00 ns, 2.0047 ns/op
OverheadActual   2: 134217728 op, 271370500.00 ns, 2.0219 ns/op
OverheadActual   3: 134217728 op, 291904700.00 ns, 2.1749 ns/op
OverheadActual   4: 134217728 op, 307295300.00 ns, 2.2895 ns/op
OverheadActual   5: 134217728 op, 263368700.00 ns, 1.9622 ns/op
OverheadActual   6: 134217728 op, 264835300.00 ns, 1.9732 ns/op
OverheadActual   7: 134217728 op, 268900100.00 ns, 2.0035 ns/op
OverheadActual   8: 134217728 op, 261529300.00 ns, 1.9485 ns/op
OverheadActual   9: 134217728 op, 272585400.00 ns, 2.0309 ns/op
OverheadActual  10: 134217728 op, 263143700.00 ns, 1.9606 ns/op
OverheadActual  11: 134217728 op, 268644600.00 ns, 2.0016 ns/op
OverheadActual  12: 134217728 op, 274880600.00 ns, 2.0480 ns/op
OverheadActual  13: 134217728 op, 273205400.00 ns, 2.0355 ns/op
OverheadActual  14: 134217728 op, 264283100.00 ns, 1.9691 ns/op
OverheadActual  15: 134217728 op, 268227700.00 ns, 1.9985 ns/op

WorkloadWarmup   1: 134217728 op, 1996881200.00 ns, 14.8779 ns/op
WorkloadWarmup   2: 134217728 op, 1999477700.00 ns, 14.8973 ns/op
WorkloadWarmup   3: 134217728 op, 1970585200.00 ns, 14.6820 ns/op
WorkloadWarmup   4: 134217728 op, 2034655800.00 ns, 15.1594 ns/op
WorkloadWarmup   5: 134217728 op, 1932922800.00 ns, 14.4014 ns/op
WorkloadWarmup   6: 134217728 op, 2038654200.00 ns, 15.1892 ns/op

// BeforeActualRun
WorkloadActual   1: 134217728 op, 2029064500.00 ns, 15.1177 ns/op
WorkloadActual   2: 134217728 op, 1987875200.00 ns, 14.8108 ns/op
WorkloadActual   3: 134217728 op, 1993934200.00 ns, 14.8560 ns/op
WorkloadActual   4: 134217728 op, 2017126200.00 ns, 15.0288 ns/op
WorkloadActual   5: 134217728 op, 1965865200.00 ns, 14.6468 ns/op
WorkloadActual   6: 134217728 op, 2015085700.00 ns, 15.0136 ns/op
WorkloadActual   7: 134217728 op, 2025485600.00 ns, 15.0910 ns/op
WorkloadActual   8: 134217728 op, 2017386000.00 ns, 15.0307 ns/op
WorkloadActual   9: 134217728 op, 2024437600.00 ns, 15.0832 ns/op
WorkloadActual  10: 134217728 op, 2021293200.00 ns, 15.0598 ns/op
WorkloadActual  11: 134217728 op, 2011292600.00 ns, 14.9853 ns/op
WorkloadActual  12: 134217728 op, 1944474200.00 ns, 14.4875 ns/op
WorkloadActual  13: 134217728 op, 2001706800.00 ns, 14.9139 ns/op
WorkloadActual  14: 134217728 op, 1996623600.00 ns, 14.8760 ns/op
WorkloadActual  15: 134217728 op, 2019754600.00 ns, 15.0483 ns/op

// AfterActualRun
WorkloadResult   1: 134217728 op, 1760164400.00 ns, 13.1142 ns/op
WorkloadResult   2: 134217728 op, 1718975100.00 ns, 12.8074 ns/op
WorkloadResult   3: 134217728 op, 1725034100.00 ns, 12.8525 ns/op
WorkloadResult   4: 134217728 op, 1748226100.00 ns, 13.0253 ns/op
WorkloadResult   5: 134217728 op, 1696965100.00 ns, 12.6434 ns/op
WorkloadResult   6: 134217728 op, 1746185600.00 ns, 13.0101 ns/op
WorkloadResult   7: 134217728 op, 1756585500.00 ns, 13.0876 ns/op
WorkloadResult   8: 134217728 op, 1748485900.00 ns, 13.0272 ns/op
WorkloadResult   9: 134217728 op, 1755537500.00 ns, 13.0798 ns/op
WorkloadResult  10: 134217728 op, 1752393100.00 ns, 13.0563 ns/op
WorkloadResult  11: 134217728 op, 1742392500.00 ns, 12.9818 ns/op
WorkloadResult  12: 134217728 op, 1675574100.00 ns, 12.4840 ns/op
WorkloadResult  13: 134217728 op, 1732806700.00 ns, 12.9104 ns/op
WorkloadResult  14: 134217728 op, 1727723500.00 ns, 12.8725 ns/op
WorkloadResult  15: 134217728 op, 1750854500.00 ns, 13.0449 ns/op
// GC:  0 0 0 0 134217728
// Threading:  0 0 134217728

// AfterAll
// Benchmark Process 16260 has exited with code 0.

Mean = 12.933 ns, StdErr = 0.046 ns (0.36%), N = 15, StdDev = 0.178 ns
Min = 12.484 ns, Q1 = 12.863 ns, Median = 13.010 ns, Q3 = 13.051 ns, Max = 13.114 ns
IQR = 0.188 ns, LowerFence = 12.580 ns, UpperFence = 13.333 ns
ConfidenceInterval = [12.743 ns; 13.123 ns] (CI 99.9%), Margin = 0.190 ns (1.47% of Mean)
Skewness = -1.18, Kurtosis = 3.37, MValue = 2

// ** Remained 0 (0.0%) benchmark(s) to run. Estimated finish 2026-09-05 22:01 (0h 0m from now) **
Successfully reverted power plan (GUID: 8c5e7fda-e8bf-4a96-9a85-a6e23a8c635c FriendlyName: 高效能)
// ***** BenchmarkRunner: Finish  *****

// * Export *
  BenchmarkDotNet.Artifacts\results\BenchmarkParser.ParserBenchmarks-report.csv
  BenchmarkDotNet.Artifacts\results\BenchmarkParser.ParserBenchmarks-report-github.md
  BenchmarkDotNet.Artifacts\results\BenchmarkParser.ParserBenchmarks-report.html

// * Detailed results *
ParserBenchmarks.SubstringParsing: DefaultJob
Runtime = .NET 10.0.11 (10.0.11, 10.0.1126.37416), X64 RyuJIT x86-64-v3; GC = Concurrent Workstation
Mean = 18.219 ns, StdErr = 0.361 ns (1.98%), N = 100, StdDev = 3.610 ns
Min = 10.635 ns, Q1 = 19.006 ns, Median = 20.112 ns, Q3 = 20.280 ns, Max = 21.095 ns
IQR = 1.274 ns, LowerFence = 17.095 ns, UpperFence = 22.191 ns
ConfidenceInterval = [16.994 ns; 19.443 ns] (CI 99.9%), Margin = 1.224 ns (6.72% of Mean)
Skewness = -1.33, Kurtosis = 2.86, MValue = 2.04
-------------------- Histogram --------------------
[10.453 ns ; 12.494 ns) | @@@@@@@@@@@@@@@@@@@@@
[12.494 ns ; 13.818 ns) | 
[13.818 ns ; 15.860 ns) | @
[15.860 ns ; 17.114 ns) | 
[17.114 ns ; 18.926 ns) | @
[18.926 ns ; 20.968 ns) | @@@@@@@@@@@@@@@@@@@@@@@@@@@@@@@@@@@@@@@@@@@@@@@@@@@@@@@@@@@@@@@@@@@@@@@@@@@@
[20.968 ns ; 22.116 ns) | @
---------------------------------------------------

ParserBenchmarks.SpanParsing: DefaultJob
Runtime = .NET 10.0.11 (10.0.11, 10.0.1126.37416), X64 RyuJIT x86-64-v3; GC = Concurrent Workstation
Mean = 12.933 ns, StdErr = 0.046 ns (0.36%), N = 15, StdDev = 0.178 ns
Min = 12.484 ns, Q1 = 12.863 ns, Median = 13.010 ns, Q3 = 13.051 ns, Max = 13.114 ns
IQR = 0.188 ns, LowerFence = 12.580 ns, UpperFence = 13.333 ns
ConfidenceInterval = [12.743 ns; 13.123 ns] (CI 99.9%), Margin = 0.190 ns (1.47% of Mean)
Skewness = -1.18, Kurtosis = 3.37, MValue = 2
-------------------- Histogram --------------------
[12.438 ns ; 12.730 ns) | @@
[12.730 ns ; 13.179 ns) | @@@@@@@@@@@@@
---------------------------------------------------

// * Summary *

BenchmarkDotNet v0.15.8, Windows 11 (10.0.26200.9278/25H2/2025Update/HudsonValley2)
12th Gen Intel Core i7-12700H 2.30GHz, 1 CPU, 20 logical and 14 physical cores
.NET SDK 10.0.303
  [Host]     : .NET 10.0.11 (10.0.11, 10.0.1126.37416), X64 RyuJIT x86-64-v3
  DefaultJob : .NET 10.0.11 (10.0.11, 10.0.1126.37416), X64 RyuJIT x86-64-v3


| Method           | Mean     | Error    | StdDev   | Median   | Ratio | RatioSD | Gen0   | Allocated | Alloc Ratio |
|----------------- |---------:|---------:|---------:|---------:|------:|--------:|-------:|----------:|------------:|
| SubstringParsing | 18.22 ns | 1.224 ns | 3.610 ns | 20.11 ns |  1.06 |    0.36 | 0.0025 |      32 B |        1.00 |
| SpanParsing      | 12.93 ns | 0.190 ns | 0.178 ns | 13.01 ns |  0.75 |    0.20 |      - |         - |        0.00 |

// * Hints *
Outliers
  ParserBenchmarks.SubstringParsing: Default -> 22 outliers were detected (12.58 ns..16.78 ns)
  ParserBenchmarks.SpanParsing: Default      -> 1 outlier  was  detected (14.49 ns)

// * Legends *
  Mean        : Arithmetic mean of all measurements
  Error       : Half of 99.9% confidence interval
  StdDev      : Standard deviation of all measurements
  Median      : Value separating the higher half of all measurements (50th percentile)
  Ratio       : Mean of the ratio distribution ([Current]/[Baseline])
  RatioSD     : Standard deviation of the ratio distribution ([Current]/[Baseline])
  Gen0        : GC Generation 0 collects per 1000 operations
  Allocated   : Allocated memory per single operation (managed only, inclusive, 1KB = 1024B)
  Alloc Ratio : Allocated memory ratio distribution ([Current]/[Baseline])
  1 ns        : 1 Nanosecond (0.000000001 sec)

// * Diagnostic Output - MemoryDiagnoser *


// ***** BenchmarkRunner: End *****
Run time: 00:03:25 (205.71 sec), executed benchmarks: 2

Global total time: 00:03:33 (213.29 sec), executed benchmarks: 2
// * Artifacts cleanup *
Artifacts cleanup is finished
